// Jest Snapshot v1, https://goo.gl/fbAQLP

exports[`matches snapshot 1`] = `
<div>
  <main>
    <div>
      <ul>
        <ul
          class="undefined undefined"
          data-testid="currently-selected"
        >
          <button>
            All
             (
            6
            )
          </button>
        </ul>
        <ul
          class="undefined null"
          data-testid="not-currently-selected"
        >
          <button>
            Test1
             (
            1
            )
          </button>
        </ul>
        <ul
          class="undefined null"
          data-testid="not-currently-selected"
        >
          <button>
            Test2
             (
            2
            )
          </button>
        </ul>
        <ul
          class="undefined null"
          data-testid="not-currently-selected"
        >
          <button>
            Test3
             (
            3
            )
          </button>
        </ul>
      </ul>
    </div>
    <div>
      <div
        data-testid="mock-product-display"
      >
        mock-product-display - Genre ID: 
        all
      </div>
    </div>
  </main>
</div>
`;
