// Jest Snapshot v1, https://goo.gl/fbAQLP

exports[`matches snapshot 1`] = `
<div>
  <main>
    <div>
      <ul>
        <ul
          class="undefined undefined"
          data-testid="currently-selected"
          role="button"
        >
          <button>
            All
             (
            6
            )
          </button>
        </ul>
      </ul>
    </div>
    <div>
      <div
        data-testid="mock-product-display"
      >
        mock-product-display - Genre ID: 
        all
      </div>
    </div>
  </main>
</div>
`;
